================================================================================
TEST REPORT - Supplement Recommender Chatbot
================================================================================

Total Tests: 15
Successful: 8 (53.3%)
Failed: 7 (46.7%)

Average Accuracies:
  Keyword Accuracy: 55.0%
  Supplement Accuracy: 66.7%
  Overall Accuracy: 51.9%

Results by Test Type:
  safety: 3/7 passed (avg accuracy: 43.1%)
  recommendation: 2/5 passed (avg accuracy: 54.0%)
  deficiency: 3/3 passed (avg accuracy: 68.9%)

================================================================================
DETAILED RESULTS
================================================================================

✓ PASS Test 1: 80.0% accuracy
  Question: Is Fish Oil safe with my medications?
  Type: safety
  Missing keywords: warning

✗ FAIL Test 2: 0.0% accuracy
  Question: Can I take Red Yeast Rice with my statin?
  Type: safety
  Missing keywords: caution, warning, interaction, muscle, rhabdomyolysis

✗ FAIL Test 3: 45.0% accuracy
  Question: What supplements help with joint pain?
  Type: recommendation
  Missing keywords: glucosamine
  Missing supplements: Glucosamine

✓ PASS Test 4: 66.7% accuracy
  Question: I'm vegan, what nutrients am I at risk for?
  Type: deficiency
  Missing keywords: b-12, at risk

✓ PASS Test 5: 75.0% accuracy
  Question: Is Ginkgo safe with my blood thinner?
  Type: safety
  Missing keywords: warning

✓ PASS Test 6: 85.0% accuracy
  Question: What supplements help with heart health?
  Type: recommendation
  Missing keywords: coq10

✗ FAIL Test 7: 33.3% accuracy
  Question: Can I take Melatonin with my medications?
  Type: safety
  Missing keywords: generally safe, no interaction

✓ PASS Test 8: 60.0% accuracy
  Question: I take Metformin, what nutrients should I watch?
  Type: deficiency
  Missing keywords: b-12, at risk

✓ PASS Test 9: 100.0% accuracy
  Question: What supplements help with sleep?
  Type: recommendation

✗ FAIL Test 10: 0.0% accuracy
  Question: Is St. John's Wort safe with my antidepressant?
  Type: safety
  Missing keywords: caution, warning, interaction, serotonin

✗ FAIL Test 11: 0.0% accuracy
  Question: I'm on a statin, what supplements support heart health safely?
  Type: recommendation
  Missing keywords: coenzyme q10, coq10, safe, recommend
  Missing supplements: Coenzyme Q10

✓ PASS Test 12: 80.0% accuracy
  Question: Can I take Fish Oil with Warfarin and Digoxin?
  Type: safety
  Missing keywords: warning

✓ PASS Test 13: 80.0% accuracy
  Question: I'm vegetarian, what should I supplement?
  Type: deficiency
  Missing keywords: b-12

✗ FAIL Test 14: 40.0% accuracy
  Question: What helps with anxiety?
  Type: recommendation
  Missing keywords: melatonin
  Missing supplements: Melatonin

✗ FAIL Test 15: 33.3% accuracy
  Question: Is Creatine safe with my medications?
  Type: safety
  Missing keywords: generally safe, no interaction
